// Jest Snapshot v1, https://goo.gl/fbAQLP

exports[`renders correctly when there are no items 1`] = `
<span>
  No items
</span>
`;

exports[`renders correctly when there are three items 1`] = `
<ul>
  <li>
    
    item1
  
  </li>
  <li>
    
    item2
  
  </li>
  <li>
    
    item3
  
  </li>
</ul>
`;
